node.exe : FAIL tests/infrastructure/providers/ZodValidatorProvider.test.js
No C:\Program Files\nodejs\npx.ps1:29 caractere:3
+   & $NODE_EXE $NPX_CLI_JS $args
+   ~~~~~~~~~~~~~~~~~~~~~~~~~~~~~
    + CategoryInfo          : NotSpecified: (FAIL tests/infr...rovider.test.js:String) [], RemoteException
    + FullyQualifiedErrorId : NativeCommandError
 
  ÔùÅ Test suite failed to run

    Jest encountered an unexpected token

    Jest failed to parse a file. This happens e.g. when your code or its dependencies use non-standard JavaScript 
syntax, or when Jest is not configured to support such syntax.

    Out of the box Jest supports Babel, which will be used to transform your files into valid JS based on your Babel 
configuration.

    By default "node_modules" folder is ignored by transformers.

    Here's what you can do:
     ÔÇó If you are trying to use ECMAScript Modules, see https://jestjs.io/docs/ecmascript-modules for how to enable 
it.
     ÔÇó If you are trying to use TypeScript, see https://jestjs.io/docs/getting-started#using-typescript
     ÔÇó To have some of your "node_modules" files transformed, you can specify a custom "transformIgnorePatterns" in 
your config.
     ÔÇó If you need a custom transformation, specify a "transform" option in your config.
     ÔÇó If you simply want to mock your non-JS modules (e.g. binary assets) you can stub them out with the 
"moduleNameMapper" config option.

    You'll find more details and examples of these config options in the docs:
    https://jestjs.io/docs/configuration
    For information about custom transformations, see:
    https://jestjs.io/docs/code-transformation

    Details:

    C:\Dev\oauth-authentication\tests\infrastructure\providers\ZodValidatorProvider.test.js:1
    import { describe, test, expect } from "@jest/globals";
    ^^^^^^

    SyntaxError: Cannot use import statement outside a module

      at Runtime.createScriptFromCode (node_modules/jest-runtime/build/index.js:1314:40)

FAIL tests/infrastructure/database/repositories/UserRepository.test.js
  ÔùÅ Test suite failed to run

    Jest encountered an unexpected token

    Jest failed to parse a file. This happens e.g. when your code or its dependencies use non-standard JavaScript 
syntax, or when Jest is not configured to support such syntax.

    Out of the box Jest supports Babel, which will be used to transform your files into valid JS based on your Babel 
configuration.

    By default "node_modules" folder is ignored by transformers.

    Here's what you can do:
     ÔÇó If you are trying to use ECMAScript Modules, see https://jestjs.io/docs/ecmascript-modules for how to enable 
it.
     ÔÇó If you are trying to use TypeScript, see https://jestjs.io/docs/getting-started#using-typescript
     ÔÇó To have some of your "node_modules" files transformed, you can specify a custom "transformIgnorePatterns" in 
your config.
     ÔÇó If you need a custom transformation, specify a "transform" option in your config.
     ÔÇó If you simply want to mock your non-JS modules (e.g. binary assets) you can stub them out with the 
"moduleNameMapper" config option.

    You'll find more details and examples of these config options in the docs:
    https://jestjs.io/docs/configuration
    For information about custom transformations, see:
    https://jestjs.io/docs/code-transformation

    Details:

    C:\Dev\oauth-authentication\tests\infrastructure\database\repositories\UserRepository.test.js:1
    import UserRepository from "../../../../src/infra/db/repositories/UserRepository.js";
    ^^^^^^

    SyntaxError: Cannot use import statement outside a module

      at Runtime.createScriptFromCode (node_modules/jest-runtime/build/index.js:1314:40)

FAIL tests/application/use-case/user/CreateUserUseCase.test.js
  ÔùÅ Test suite failed to run

    Jest encountered an unexpected token

    Jest failed to parse a file. This happens e.g. when your code or its dependencies use non-standard JavaScript 
syntax, or when Jest is not configured to support such syntax.

    Out of the box Jest supports Babel, which will be used to transform your files into valid JS based on your Babel 
configuration.

    By default "node_modules" folder is ignored by transformers.

    Here's what you can do:
     ÔÇó If you are trying to use ECMAScript Modules, see https://jestjs.io/docs/ecmascript-modules for how to enable 
it.
     ÔÇó If you are trying to use TypeScript, see https://jestjs.io/docs/getting-started#using-typescript
     ÔÇó To have some of your "node_modules" files transformed, you can specify a custom "transformIgnorePatterns" in 
your config.
     ÔÇó If you need a custom transformation, specify a "transform" option in your config.
     ÔÇó If you simply want to mock your non-JS modules (e.g. binary assets) you can stub them out with the 
"moduleNameMapper" config option.

    You'll find more details and examples of these config options in the docs:
    https://jestjs.io/docs/configuration
    For information about custom transformations, see:
    https://jestjs.io/docs/code-transformation

    Details:

    C:\Dev\oauth-authentication\tests\application\use-case\user\CreateUserUseCase.test.js:1
    import { describe, jest, test, expect } from "@jest/globals";
    ^^^^^^

    SyntaxError: Cannot use import statement outside a module

      at Runtime.createScriptFromCode (node_modules/jest-runtime/build/index.js:1314:40)

FAIL tests/infrastructure/database/repositories/RotationSessionRepository.test.js
  ÔùÅ Test suite failed to run

    Jest encountered an unexpected token

    Jest failed to parse a file. This happens e.g. when your code or its dependencies use non-standard JavaScript 
syntax, or when Jest is not configured to support such syntax.

    Out of the box Jest supports Babel, which will be used to transform your files into valid JS based on your Babel 
configuration.

    By default "node_modules" folder is ignored by transformers.

    Here's what you can do:
     ÔÇó If you are trying to use ECMAScript Modules, see https://jestjs.io/docs/ecmascript-modules for how to enable 
it.
     ÔÇó If you are trying to use TypeScript, see https://jestjs.io/docs/getting-started#using-typescript
     ÔÇó To have some of your "node_modules" files transformed, you can specify a custom "transformIgnorePatterns" in 
your config.
     ÔÇó If you need a custom transformation, specify a "transform" option in your config.
     ÔÇó If you simply want to mock your non-JS modules (e.g. binary assets) you can stub them out with the 
"moduleNameMapper" config option.

    You'll find more details and examples of these config options in the docs:
    https://jestjs.io/docs/configuration
    For information about custom transformations, see:
    https://jestjs.io/docs/code-transformation

    Details:

    C:\Dev\oauth-authentication\tests\infrastructure\database\repositories\RotationSessionRepository.test.js:1
    import { describe, jest, test, expect } from "@jest/globals";
    ^^^^^^

    SyntaxError: Cannot use import statement outside a module

      at Runtime.createScriptFromCode (node_modules/jest-runtime/build/index.js:1314:40)

FAIL tests/application/use-case/auth/LoginUseCase.test.js
  ÔùÅ Test suite failed to run

    Jest encountered an unexpected token

    Jest failed to parse a file. This happens e.g. when your code or its dependencies use non-standard JavaScript 
syntax, or when Jest is not configured to support such syntax.

    Out of the box Jest supports Babel, which will be used to transform your files into valid JS based on your Babel 
configuration.

    By default "node_modules" folder is ignored by transformers.

    Here's what you can do:
     ÔÇó If you are trying to use ECMAScript Modules, see https://jestjs.io/docs/ecmascript-modules for how to enable 
it.
     ÔÇó If you are trying to use TypeScript, see https://jestjs.io/docs/getting-started#using-typescript
     ÔÇó To have some of your "node_modules" files transformed, you can specify a custom "transformIgnorePatterns" in 
your config.
     ÔÇó If you need a custom transformation, specify a "transform" option in your config.
     ÔÇó If you simply want to mock your non-JS modules (e.g. binary assets) you can stub them out with the 
"moduleNameMapper" config option.

    You'll find more details and examples of these config options in the docs:
    https://jestjs.io/docs/configuration
    For information about custom transformations, see:
    https://jestjs.io/docs/code-transformation

    Details:

    C:\Dev\oauth-authentication\tests\application\use-case\auth\LoginUseCase.test.js:1
    import { describe, jest, test, expect } from "@jest/globals";
    ^^^^^^

    SyntaxError: Cannot use import statement outside a module

      at Runtime.createScriptFromCode (node_modules/jest-runtime/build/index.js:1314:40)

FAIL tests/domain/RefreshTokenEntity.test.js
  ÔùÅ Test suite failed to run

    Jest encountered an unexpected token

    Jest failed to parse a file. This happens e.g. when your code or its dependencies use non-standard JavaScript 
syntax, or when Jest is not configured to support such syntax.

    Out of the box Jest supports Babel, which will be used to transform your files into valid JS based on your Babel 
configuration.

    By default "node_modules" folder is ignored by transformers.

    Here's what you can do:
     ÔÇó If you are trying to use ECMAScript Modules, see https://jestjs.io/docs/ecmascript-modules for how to enable 
it.
     ÔÇó If you are trying to use TypeScript, see https://jestjs.io/docs/getting-started#using-typescript
     ÔÇó To have some of your "node_modules" files transformed, you can specify a custom "transformIgnorePatterns" in 
your config.
     ÔÇó If you need a custom transformation, specify a "transform" option in your config.
     ÔÇó If you simply want to mock your non-JS modules (e.g. binary assets) you can stub them out with the 
"moduleNameMapper" config option.

    You'll find more details and examples of these config options in the docs:
    https://jestjs.io/docs/configuration
    For information about custom transformations, see:
    https://jestjs.io/docs/code-transformation

    Details:

    C:\Dev\oauth-authentication\tests\domain\RefreshTokenEntity.test.js:1
    import SessionEntity from "../../src/domain/entities/SessionEntity.js";
    ^^^^^^

    SyntaxError: Cannot use import statement outside a module

      at Runtime.createScriptFromCode (node_modules/jest-runtime/build/index.js:1314:40)

FAIL tests/domain/UserEntity.test.js
  ÔùÅ Test suite failed to run

    Jest encountered an unexpected token

    Jest failed to parse a file. This happens e.g. when your code or its dependencies use non-standard JavaScript 
syntax, or when Jest is not configured to support such syntax.

    Out of the box Jest supports Babel, which will be used to transform your files into valid JS based on your Babel 
configuration.

    By default "node_modules" folder is ignored by transformers.

    Here's what you can do:
     ÔÇó If you are trying to use ECMAScript Modules, see https://jestjs.io/docs/ecmascript-modules for how to enable 
it.
     ÔÇó If you are trying to use TypeScript, see https://jestjs.io/docs/getting-started#using-typescript
     ÔÇó To have some of your "node_modules" files transformed, you can specify a custom "transformIgnorePatterns" in 
your config.
     ÔÇó If you need a custom transformation, specify a "transform" option in your config.
     ÔÇó If you simply want to mock your non-JS modules (e.g. binary assets) you can stub them out with the 
"moduleNameMapper" config option.

    You'll find more details and examples of these config options in the docs:
    https://jestjs.io/docs/configuration
    For information about custom transformations, see:
    https://jestjs.io/docs/code-transformation

    Details:

    C:\Dev\oauth-authentication\tests\domain\UserEntity.test.js:1
    import UserEntity from "../../src/domain/entities/UserEntity.js";
    ^^^^^^

    SyntaxError: Cannot use import statement outside a module

      at Runtime.createScriptFromCode (node_modules/jest-runtime/build/index.js:1314:40)

FAIL tests/domain/value-objects/DomainValueObjects.test.js
  ÔùÅ Test suite failed to run

    Jest encountered an unexpected token

    Jest failed to parse a file. This happens e.g. when your code or its dependencies use non-standard JavaScript 
syntax, or when Jest is not configured to support such syntax.

    Out of the box Jest supports Babel, which will be used to transform your files into valid JS based on your Babel 
configuration.

    By default "node_modules" folder is ignored by transformers.

    Here's what you can do:
     ÔÇó If you are trying to use ECMAScript Modules, see https://jestjs.io/docs/ecmascript-modules for how to enable 
it.
     ÔÇó If you are trying to use TypeScript, see https://jestjs.io/docs/getting-started#using-typescript
     ÔÇó To have some of your "node_modules" files transformed, you can specify a custom "transformIgnorePatterns" in 
your config.
     ÔÇó If you need a custom transformation, specify a "transform" option in your config.
     ÔÇó If you simply want to mock your non-JS modules (e.g. binary assets) you can stub them out with the 
"moduleNameMapper" config option.

    You'll find more details and examples of these config options in the docs:
    https://jestjs.io/docs/configuration
    For information about custom transformations, see:
    https://jestjs.io/docs/code-transformation

    Details:

    C:\Dev\oauth-authentication\tests\domain\value-objects\DomainValueObjects.test.js:1
    import { describe, test, expect } from "@jest/globals";
    ^^^^^^

    SyntaxError: Cannot use import statement outside a module

      at Runtime.createScriptFromCode (node_modules/jest-runtime/build/index.js:1314:40)

FAIL tests/infrastructure/database/mappers/RotationSessionMapper.test.js
  ÔùÅ Test suite failed to run

    Jest encountered an unexpected token

    Jest failed to parse a file. This happens e.g. when your code or its dependencies use non-standard JavaScript 
syntax, or when Jest is not configured to support such syntax.

    Out of the box Jest supports Babel, which will be used to transform your files into valid JS based on your Babel 
configuration.

    By default "node_modules" folder is ignored by transformers.

    Here's what you can do:
     ÔÇó If you are trying to use ECMAScript Modules, see https://jestjs.io/docs/ecmascript-modules for how to enable 
it.
     ÔÇó If you are trying to use TypeScript, see https://jestjs.io/docs/getting-started#using-typescript
     ÔÇó To have some of your "node_modules" files transformed, you can specify a custom "transformIgnorePatterns" in 
your config.
     ÔÇó If you need a custom transformation, specify a "transform" option in your config.
     ÔÇó If you simply want to mock your non-JS modules (e.g. binary assets) you can stub them out with the 
"moduleNameMapper" config option.

    You'll find more details and examples of these config options in the docs:
    https://jestjs.io/docs/configuration
    For information about custom transformations, see:
    https://jestjs.io/docs/code-transformation

    Details:

    C:\Dev\oauth-authentication\tests\infrastructure\database\mappers\RotationSessionMapper.test.js:1
    import SessionMapper from "../../../../src/infra/db/mappers/SessionMapper.js";
    ^^^^^^

    SyntaxError: Cannot use import statement outside a module

      at Runtime.createScriptFromCode (node_modules/jest-runtime/build/index.js:1314:40)

Test Suites: 9 failed, 9 total
Tests:       0 total
Snapshots:   0 total
Time:        14.173 s
Ran all test suites.
